.source 11.psd
.class public 11
.super java/lang/Object
;
; standard initializer (calls java.lang.Object's initializer)
;
.method public <init>()V
	aload_0
	invokenonvirtual java/lang/Object/<init>()V
	return
.end method
;
; main() -
;
.method public static main([Ljava/lang/String;)V
	.limit stack 2
	.limit locals 1
	getstatic      java/lang/System/out Ljava/io/PrintStream;
	ldc            1138
	invokevirtual  java/io/PrintStream/println(I)V
	; done
	return
.end method
