.source b1.psd 
.class public b1 
.super java/lang/Object 
; 
; standard initializer (calls java.lang.Object's initializer) 
; 
.method public <init>()V 
	aload_0 
	invokenonvirtual java/lang/Object/<init>()V 
	return 
.end method 
; 
; main() 
; 
.method public static main([Ljava/lang/String;)V 
	.limit stack 100 
	.limit locals 101 
	getstatic java/lang/System/out Ljava/io/PrintStream; 
	ldc 1138
	invokevirtual java/io/PrintStream/println(I)V 
	; done 
	return 
.end method 
