lab1:
	iload 1		; assuming x is in variable index 1
	bipush 6
	if icmpgt lab3
	iconst 0
	goto lab4
lab3:
	iconst 1
lab4:
	ifeq lab2
	iinc 1 (-1)
	goto lab1
lab2:
