3.000000
0.000000
1.000000
1.000000
3.000000
0.200000
0.300000
2.200000
