0.500000
0.000000
2.000000
0.500000
1.000000
10.000000
