1.000000
1.000000
1.000000
0.100000
1.000000
3.000000
-1.000000
0.500000
2.000000
9.000000
1.000000
6.000000
9.000000
1.500000
